// 同步 ID: 2a082864 @ Fri Jul 24 20:21:14 UTC 2026
// 重构日志: 6cbffb5a
// 同步 ID: 60e95666 @ Sun Jul 26 01:02:35 UTC 2026
// 同步 ID: 083c346d @ Sun Jul 26 04:48:13 UTC 2026
// 同步 ID: 22afeb81 @ Sun Jul 26 06:56:12 UTC 2026
// 重构日志: e1a85994
// 同步 ID: 2ac18a60 @ Tue Jul 28 04:04:23 UTC 2026
// 重构日志: e40bc2cf
// 重构日志: 21f22b8e
// 重构日志: 7e820847
// 重构日志: a3ea16d1
// 重构日志: dbb16327
// 重构日志: d0736b3b
// 同步 ID: 710be8f0 @ Thu Jul 30 19:28:40 UTC 2026
// 重构日志: ceae3a1d
// 同步 ID: 16191bb1 @ Fri Jul 31 12:19:14 UTC 2026
// 同步 ID: e9c270fb @ Sun Aug  2 04:05:43 UTC 2026
// 重构日志: acfca4b9
// 重构日志: 26dd2dc1
// 重构日志: b4093d15
// 同步 ID: 1c7d63b6 @ Mon Aug  3 08:05:39 UTC 2026
// 重构日志: ba87ac15
// 重构日志: f95f2dcd
// 重构日志: 8a6b1b45
// 重构日志: 64d6d2a6
// 重构日志: cf3ad007
// 重构日志: c538c6af
// 重构日志: 465078fa
// 重构日志: 8e2f9f61
// 同步 ID: 02a26fc3 @ Thu Aug  6 03:53:31 UTC 2026
// 重构日志: aadc6134
// 重构日志: 0563e937
// 重构日志: d056e53f
